..\Src\circular_buffer.c:36:6:circular_buffer_init	4	static
..\Src\circular_buffer.c:50:13:buff_store_char	24	static
..\Src\circular_buffer.c:63:6:buffer_clear	16	static
..\Src\circular_buffer.c:84:5:buffer_peek	24	static
..\Src\circular_buffer.c:119:5:buffer_read	24	static
..\Src\circular_buffer.c:156:6:buffer_write	24	static
..\Src\circular_buffer.c:190:5:is_data	24	static
..\Src\circular_buffer.c:212:13:get_first_char	16	static
..\Src\circular_buffer.c:225:5:is_response	24	static
..\Src\circular_buffer.c:249:6:get_strg	24	static
..\Src\circular_buffer.c:258:6:buffer_send_string	16	static
..\Src\circular_buffer.c:264:15:process_copy	40	static
..\Src\circular_buffer.c:305:8:copy_up_to_string	16	static
..\Src\circular_buffer.c:311:6:slave_dev_uart_callback	16	static
..\Src\circular_buffer.c:337:6:debug_uart_callback	16	static
..\Src\circular_buffer.c:362:6:USART2_IRQHandler	8	static
..\Src\circular_buffer.c:366:6:USART1_IRQHandler	8	static
